I'm sorry, but errors were detected in your script. Please correct the
errors listed below, and try again.


File "game/core/inventory.rpy", line 629: unmatched ']'
            self.game_label = kwargs.get('interaction_game_label', None)]
                                                                         ^

Ren'Py Version: Ren'Py 8.3.7.25031702
Wed Feb  4 14:13:20 2026
